2026-04-17 13:09:10,255 | INFO | 25631fe3-05f3-43e0-916f-598b88d01d09.json: JSON data is valid.
2026-04-17 13:09:10,256 | INFO | 06c332d5-89f3-41c6-8a3c-9a80f8818c2b.json: JSON data is valid.
2026-04-17 13:09:10,257 | INFO | 11d0534e-0ab8-4ae6-8eec-1f063998d895.json: JSON data is valid.
2026-04-17 13:09:10,258 | INFO | dc0e31e8-8473-4911-aeee-82d5dcd38f12.json: JSON data is valid.
2026-04-17 13:09:10,260 | INFO | 66e8b362-a113-4ef3-aa23-0eac9303ae81.json: JSON data is valid.
2026-04-17 13:09:10,261 | INFO | cb3db0ca-ae1b-49e5-aa4c-1fb07e75e6a5.json: JSON data is valid.
2026-04-17 13:09:10,262 | INFO | be81e476-8361-4e48-9062-d59db1509a90.json: JSON data is valid.
2026-04-17 13:09:10,263 | INFO | f887c6d9-def6-47da-b2aa-a9c44a4d8682.json: JSON data is valid.
2026-04-17 13:09:10,265 | INFO | d0f232b9-4386-4662-be33-8a0329013283.json: JSON data is valid.
2026-04-17 13:09:10,266 | INFO | f91128dd-5e63-4a72-8731-33ba444f9d44.json: JSON data is valid.
2026-04-17 13:09:10,267 | INFO | 4b963b34-8428-4cd4-b801-687489fa2360.json: JSON data is valid.
2026-04-17 13:09:10,269 | INFO | a3b804a3-5f1c-4765-be4c-2d197535c63c.json: JSON data is valid.
2026-04-17 13:09:10,270 | INFO | c0da1950-896a-4140-845f-2c48cf4c7ba6.json: JSON data is valid.
2026-04-17 13:09:10,271 | INFO | 166edd2c-bf1e-4c38-9401-ee979f170cef.json: JSON data is valid.
2026-04-17 13:09:10,272 | INFO | fdba97ea-de6e-4c61-9f2d-7020033abfdd.json: JSON data is valid.
2026-04-17 13:09:10,273 | INFO | 59e3a839-80d0-425e-af4c-8b46f5e1ab41.json: JSON data is valid.
2026-04-17 13:09:10,274 | INFO | fc711980-6337-4014-b7fa-a1d85931ddc3.json: JSON data is valid.
2026-04-17 13:09:10,275 | INFO | d4b1dd6d-edbf-41c7-ab9e-c5888c143f95.json: JSON data is valid.
2026-04-17 13:09:10,276 | INFO | 59311982-3ee0-4d53-a91a-f72883e57bdc.json: JSON data is valid.
2026-04-17 13:09:10,278 | INFO | 77577a9c-9034-4548-a88a-cd12450244a6.json: JSON data is valid.
2026-04-17 13:09:10,279 | INFO | ec466baf-e594-4193-9644-a0c720637717.json: JSON data is valid.
2026-04-17 13:09:10,280 | INFO | eb2c50c5-d92f-46c2-b242-08cdb52c6e77.json: JSON data is valid.
2026-04-17 13:09:10,281 | INFO | 1cf3f817-a77d-4760-b65e-cf318c366c85.json: JSON data is valid.
2026-04-17 13:09:10,283 | INFO | d6e093f7-74cc-4e85-ab42-38c73ebbbed0.json: JSON data is valid.
2026-04-17 13:09:10,284 | INFO | 75c9244f-3495-4919-947e-ab259492f829.json: JSON data is valid.
2026-04-17 13:09:10,285 | INFO | 0f77b8a3-6066-46f9-9f8f-c3b238ca6c86.json: JSON data is valid.
2026-04-17 13:09:10,286 | INFO | 3519dd18-1dbe-46a8-8d79-b564bedaf146.json: JSON data is valid.
2026-04-17 13:09:10,287 | INFO | 1e1c7083-2057-4233-a0b5-a7bbd5117840.json: JSON data is valid.
2026-04-17 13:09:10,288 | INFO | a2c38dba-3661-4b8b-a94c-8e0de80ed0c1.json: JSON data is valid.
2026-04-17 13:09:10,290 | INFO | d9751cc2-910a-4e8d-9536-d5a87d0d6864.json: JSON data is valid.
2026-04-17 13:09:10,291 | INFO | 6708ed4e-35ae-4292-be9e-7a5036f95c54.json: JSON data is valid.
2026-04-17 13:09:10,292 | INFO | fee94ba7-950f-4013-af08-a1f56c85f0a6.json: JSON data is valid.
2026-04-17 13:09:10,293 | INFO | 4ba510a5-7474-4e40-905f-96ee39488abb.json: JSON data is valid.
2026-04-17 13:09:10,294 | INFO | e2f26edc-4b4b-4953-9e10-2c0aa384a54b.json: JSON data is valid.
2026-04-17 13:09:10,295 | INFO | 521ad5b6-acde-43bb-97f1-0c6c641f1823.json: JSON data is valid.
2026-04-17 13:09:10,296 | INFO | 24243011-78a8-437c-9fa2-0eb271e841a8.json: JSON data is valid.
2026-04-17 13:09:10,297 | INFO | 57402953-5132-4794-aa59-00edcaadc647.json: JSON data is valid.
2026-04-17 13:09:10,298 | INFO | 5f9abf2c-85f8-4c88-9f53-c55c3be26a31.json: JSON data is valid.
2026-04-17 13:09:10,300 | INFO | 0bb717ec-f505-44b9-9242-0e96699fbfc6.json: JSON data is valid.
2026-04-17 13:09:10,301 | INFO | 68efb3c6-9618-4eb3-b09a-26fff4896309.json: JSON data is valid.
2026-04-17 13:09:10,302 | INFO | 6059395c-ca2e-4140-9e5e-73596df4fb01.json: JSON data is valid.
2026-04-17 13:09:10,303 | INFO | f2251b03-6e64-4454-b6c6-ce6dd3857e1d.json: JSON data is valid.
2026-04-17 13:09:10,304 | INFO | c6527f22-1b7b-4d20-b094-d3076d65abf5.json: JSON data is valid.
2026-04-17 13:09:10,305 | INFO | 791b3172-47eb-4eeb-b740-e48d5cddc733.json: JSON data is valid.
2026-04-17 13:09:10,306 | INFO | cc08a192-f78e-473e-bcb8-e6b2a602f267.json: JSON data is valid.
2026-04-17 13:09:10,307 | INFO | 7c6de36c-18ed-4f29-9847-c227d160e28c.json: JSON data is valid.
2026-04-17 13:09:10,309 | INFO | 51148361-4be0-43c4-be94-d572d210f1af.json: JSON data is valid.
2026-04-17 13:09:10,310 | INFO | 31f8ec5a-6cc7-4607-98ec-26b847444c8e.json: JSON data is valid.
2026-04-17 13:09:10,311 | INFO | 2d47e645-fb94-4875-9f9b-d360929cd13c.json: JSON data is valid.
2026-04-17 13:09:10,312 | INFO | d3fd7240-d03d-4eac-8cbf-ae5fe2cfd7c0.json: JSON data is valid.
2026-04-17 13:09:10,315 | WARNING | Cluster.__init__ called with contact_points specified, but no load_balancing_policy. In the next major version, this will raise an error; please specify a load-balancing policy. (contact_points = ['localhost'], lbp = None)
2026-04-17 13:09:10,343 | WARNING | Downgrading core protocol version from 66 to 65 for 127.0.0.1:9042. To avoid this, it is best practice to explicitly set Cluster(protocol_version) to the version supported by your cluster. https://docs.datastax.com/en/developer/python-driver/latest/api/cassandra/cluster.html#cassandra.cluster.Cluster.protocol_version
2026-04-17 13:09:10,350 | WARNING | Downgrading core protocol version from 65 to 5 for 127.0.0.1:9042. To avoid this, it is best practice to explicitly set Cluster(protocol_version) to the version supported by your cluster. https://docs.datastax.com/en/developer/python-driver/latest/api/cassandra/cluster.html#cassandra.cluster.Cluster.protocol_version
2026-04-17 13:09:10,368 | INFO | Using datacenter 'datacenter1' for DCAwareRoundRobinPolicy (via host '127.0.0.1:9042'); if incorrect, please specify a local_dc to the constructor, or limit contact points to local cluster nodes
2026-04-17 13:09:10,368 | INFO | Cassandra host ::1:9042 removed
2026-04-20 13:17:39,975 | INFO | 25631fe3-05f3-43e0-916f-598b88d01d09.json: JSON data is valid.
2026-04-20 13:17:39,977 | INFO | 06c332d5-89f3-41c6-8a3c-9a80f8818c2b.json: JSON data is valid.
2026-04-20 13:17:39,978 | INFO | 11d0534e-0ab8-4ae6-8eec-1f063998d895.json: JSON data is valid.
2026-04-20 13:17:39,979 | INFO | dc0e31e8-8473-4911-aeee-82d5dcd38f12.json: JSON data is valid.
2026-04-20 13:17:39,981 | INFO | 66e8b362-a113-4ef3-aa23-0eac9303ae81.json: JSON data is valid.
2026-04-20 13:17:39,982 | INFO | cb3db0ca-ae1b-49e5-aa4c-1fb07e75e6a5.json: JSON data is valid.
2026-04-20 13:17:39,984 | INFO | be81e476-8361-4e48-9062-d59db1509a90.json: JSON data is valid.
2026-04-20 13:17:39,985 | INFO | f887c6d9-def6-47da-b2aa-a9c44a4d8682.json: JSON data is valid.
2026-04-20 13:17:39,987 | INFO | d0f232b9-4386-4662-be33-8a0329013283.json: JSON data is valid.
2026-04-20 13:17:39,988 | INFO | f91128dd-5e63-4a72-8731-33ba444f9d44.json: JSON data is valid.
2026-04-20 13:17:39,990 | INFO | 4b963b34-8428-4cd4-b801-687489fa2360.json: JSON data is valid.
2026-04-20 13:17:39,991 | INFO | a3b804a3-5f1c-4765-be4c-2d197535c63c.json: JSON data is valid.
2026-04-20 13:17:39,992 | INFO | c0da1950-896a-4140-845f-2c48cf4c7ba6.json: JSON data is valid.
2026-04-20 13:17:39,993 | INFO | 166edd2c-bf1e-4c38-9401-ee979f170cef.json: JSON data is valid.
2026-04-20 13:17:39,994 | INFO | fdba97ea-de6e-4c61-9f2d-7020033abfdd.json: JSON data is valid.
2026-04-20 13:17:39,996 | INFO | 59e3a839-80d0-425e-af4c-8b46f5e1ab41.json: JSON data is valid.
2026-04-20 13:17:39,997 | INFO | fc711980-6337-4014-b7fa-a1d85931ddc3.json: JSON data is valid.
2026-04-20 13:17:39,998 | INFO | d4b1dd6d-edbf-41c7-ab9e-c5888c143f95.json: JSON data is valid.
2026-04-20 13:17:40,000 | INFO | 59311982-3ee0-4d53-a91a-f72883e57bdc.json: JSON data is valid.
2026-04-20 13:17:40,001 | INFO | 77577a9c-9034-4548-a88a-cd12450244a6.json: JSON data is valid.
2026-04-20 13:17:40,003 | INFO | ec466baf-e594-4193-9644-a0c720637717.json: JSON data is valid.
2026-04-20 13:17:40,004 | INFO | eb2c50c5-d92f-46c2-b242-08cdb52c6e77.json: JSON data is valid.
2026-04-20 13:17:40,006 | INFO | 1cf3f817-a77d-4760-b65e-cf318c366c85.json: JSON data is valid.
2026-04-20 13:17:40,007 | INFO | d6e093f7-74cc-4e85-ab42-38c73ebbbed0.json: JSON data is valid.
2026-04-20 13:17:40,008 | INFO | 75c9244f-3495-4919-947e-ab259492f829.json: JSON data is valid.
2026-04-20 13:17:40,009 | INFO | 0f77b8a3-6066-46f9-9f8f-c3b238ca6c86.json: JSON data is valid.
2026-04-20 13:17:40,011 | INFO | 3519dd18-1dbe-46a8-8d79-b564bedaf146.json: JSON data is valid.
2026-04-20 13:17:40,012 | INFO | 1e1c7083-2057-4233-a0b5-a7bbd5117840.json: JSON data is valid.
2026-04-20 13:17:40,013 | INFO | a2c38dba-3661-4b8b-a94c-8e0de80ed0c1.json: JSON data is valid.
2026-04-20 13:17:40,014 | INFO | d9751cc2-910a-4e8d-9536-d5a87d0d6864.json: JSON data is valid.
2026-04-20 13:17:40,016 | INFO | 6708ed4e-35ae-4292-be9e-7a5036f95c54.json: JSON data is valid.
2026-04-20 13:17:40,017 | INFO | fee94ba7-950f-4013-af08-a1f56c85f0a6.json: JSON data is valid.
2026-04-20 13:17:40,018 | INFO | 4ba510a5-7474-4e40-905f-96ee39488abb.json: JSON data is valid.
2026-04-20 13:17:40,020 | INFO | e2f26edc-4b4b-4953-9e10-2c0aa384a54b.json: JSON data is valid.
2026-04-20 13:17:40,021 | INFO | 521ad5b6-acde-43bb-97f1-0c6c641f1823.json: JSON data is valid.
2026-04-20 13:17:40,022 | INFO | 24243011-78a8-437c-9fa2-0eb271e841a8.json: JSON data is valid.
2026-04-20 13:17:40,023 | INFO | 57402953-5132-4794-aa59-00edcaadc647.json: JSON data is valid.
2026-04-20 13:17:40,024 | INFO | 5f9abf2c-85f8-4c88-9f53-c55c3be26a31.json: JSON data is valid.
2026-04-20 13:17:40,026 | INFO | 0bb717ec-f505-44b9-9242-0e96699fbfc6.json: JSON data is valid.
2026-04-20 13:17:40,027 | INFO | 68efb3c6-9618-4eb3-b09a-26fff4896309.json: JSON data is valid.
2026-04-20 13:17:40,028 | INFO | 6059395c-ca2e-4140-9e5e-73596df4fb01.json: JSON data is valid.
2026-04-20 13:17:40,029 | INFO | f2251b03-6e64-4454-b6c6-ce6dd3857e1d.json: JSON data is valid.
2026-04-20 13:17:40,031 | INFO | c6527f22-1b7b-4d20-b094-d3076d65abf5.json: JSON data is valid.
2026-04-20 13:17:40,032 | INFO | 791b3172-47eb-4eeb-b740-e48d5cddc733.json: JSON data is valid.
2026-04-20 13:17:40,033 | INFO | cc08a192-f78e-473e-bcb8-e6b2a602f267.json: JSON data is valid.
2026-04-20 13:17:40,034 | INFO | 7c6de36c-18ed-4f29-9847-c227d160e28c.json: JSON data is valid.
2026-04-20 13:17:40,035 | INFO | 51148361-4be0-43c4-be94-d572d210f1af.json: JSON data is valid.
2026-04-20 13:17:40,037 | INFO | 31f8ec5a-6cc7-4607-98ec-26b847444c8e.json: JSON data is valid.
2026-04-20 13:17:40,038 | INFO | 2d47e645-fb94-4875-9f9b-d360929cd13c.json: JSON data is valid.
2026-04-20 13:17:40,039 | INFO | d3fd7240-d03d-4eac-8cbf-ae5fe2cfd7c0.json: JSON data is valid.
2026-04-20 13:17:40,042 | WARNING | Cluster.__init__ called with contact_points specified, but no load_balancing_policy. In the next major version, this will raise an error; please specify a load-balancing policy. (contact_points = ['localhost'], lbp = None)
2026-04-20 13:17:40,056 | WARNING | Downgrading core protocol version from 66 to 65 for ::1:9042. To avoid this, it is best practice to explicitly set Cluster(protocol_version) to the version supported by your cluster. https://docs.datastax.com/en/developer/python-driver/latest/api/cassandra/cluster.html#cassandra.cluster.Cluster.protocol_version
2026-04-20 13:17:40,061 | WARNING | Downgrading core protocol version from 65 to 5 for ::1:9042. To avoid this, it is best practice to explicitly set Cluster(protocol_version) to the version supported by your cluster. https://docs.datastax.com/en/developer/python-driver/latest/api/cassandra/cluster.html#cassandra.cluster.Cluster.protocol_version
2026-04-20 13:17:40,085 | INFO | Using datacenter 'datacenter1' for DCAwareRoundRobinPolicy (via host '::1:9042'); if incorrect, please specify a local_dc to the constructor, or limit contact points to local cluster nodes
2026-04-20 13:17:40,085 | INFO | Cassandra host 127.0.0.1:9042 removed
2026-04-20 13:23:44,959 | INFO | 25631fe3-05f3-43e0-916f-598b88d01d09.json: JSON data is valid.
2026-04-20 13:23:44,961 | INFO | 06c332d5-89f3-41c6-8a3c-9a80f8818c2b.json: JSON data is valid.
2026-04-20 13:23:44,962 | INFO | 11d0534e-0ab8-4ae6-8eec-1f063998d895.json: JSON data is valid.
2026-04-20 13:23:44,964 | INFO | dc0e31e8-8473-4911-aeee-82d5dcd38f12.json: JSON data is valid.
2026-04-20 13:23:44,965 | INFO | 66e8b362-a113-4ef3-aa23-0eac9303ae81.json: JSON data is valid.
2026-04-20 13:23:44,967 | INFO | cb3db0ca-ae1b-49e5-aa4c-1fb07e75e6a5.json: JSON data is valid.
2026-04-20 13:23:44,968 | INFO | be81e476-8361-4e48-9062-d59db1509a90.json: JSON data is valid.
2026-04-20 13:23:44,970 | INFO | f887c6d9-def6-47da-b2aa-a9c44a4d8682.json: JSON data is valid.
2026-04-20 13:23:44,971 | INFO | d0f232b9-4386-4662-be33-8a0329013283.json: JSON data is valid.
2026-04-20 13:23:44,973 | INFO | f91128dd-5e63-4a72-8731-33ba444f9d44.json: JSON data is valid.
2026-04-20 13:23:44,974 | INFO | 4b963b34-8428-4cd4-b801-687489fa2360.json: JSON data is valid.
2026-04-20 13:23:44,976 | INFO | a3b804a3-5f1c-4765-be4c-2d197535c63c.json: JSON data is valid.
2026-04-20 13:23:44,977 | INFO | c0da1950-896a-4140-845f-2c48cf4c7ba6.json: JSON data is valid.
2026-04-20 13:23:44,979 | INFO | 166edd2c-bf1e-4c38-9401-ee979f170cef.json: JSON data is valid.
2026-04-20 13:23:44,980 | INFO | fdba97ea-de6e-4c61-9f2d-7020033abfdd.json: JSON data is valid.
2026-04-20 13:23:44,981 | INFO | 59e3a839-80d0-425e-af4c-8b46f5e1ab41.json: JSON data is valid.
2026-04-20 13:23:44,983 | INFO | fc711980-6337-4014-b7fa-a1d85931ddc3.json: JSON data is valid.
2026-04-20 13:23:44,984 | INFO | d4b1dd6d-edbf-41c7-ab9e-c5888c143f95.json: JSON data is valid.
2026-04-20 13:23:44,985 | INFO | 59311982-3ee0-4d53-a91a-f72883e57bdc.json: JSON data is valid.
2026-04-20 13:23:44,987 | INFO | 77577a9c-9034-4548-a88a-cd12450244a6.json: JSON data is valid.
2026-04-20 13:23:44,992 | INFO | ec466baf-e594-4193-9644-a0c720637717.json: JSON data is valid.
2026-04-20 13:23:44,994 | INFO | eb2c50c5-d92f-46c2-b242-08cdb52c6e77.json: JSON data is valid.
2026-04-20 13:23:44,995 | INFO | 1cf3f817-a77d-4760-b65e-cf318c366c85.json: JSON data is valid.
2026-04-20 13:23:44,996 | INFO | d6e093f7-74cc-4e85-ab42-38c73ebbbed0.json: JSON data is valid.
2026-04-20 13:23:44,998 | INFO | 75c9244f-3495-4919-947e-ab259492f829.json: JSON data is valid.
2026-04-20 13:23:44,999 | INFO | 0f77b8a3-6066-46f9-9f8f-c3b238ca6c86.json: JSON data is valid.
2026-04-20 13:23:45,000 | INFO | 3519dd18-1dbe-46a8-8d79-b564bedaf146.json: JSON data is valid.
2026-04-20 13:23:45,002 | INFO | 1e1c7083-2057-4233-a0b5-a7bbd5117840.json: JSON data is valid.
2026-04-20 13:23:45,004 | INFO | a2c38dba-3661-4b8b-a94c-8e0de80ed0c1.json: JSON data is valid.
2026-04-20 13:23:45,005 | INFO | d9751cc2-910a-4e8d-9536-d5a87d0d6864.json: JSON data is valid.
2026-04-20 13:23:45,006 | INFO | 6708ed4e-35ae-4292-be9e-7a5036f95c54.json: JSON data is valid.
2026-04-20 13:23:45,008 | INFO | fee94ba7-950f-4013-af08-a1f56c85f0a6.json: JSON data is valid.
2026-04-20 13:23:45,009 | INFO | 4ba510a5-7474-4e40-905f-96ee39488abb.json: JSON data is valid.
2026-04-20 13:23:45,011 | INFO | e2f26edc-4b4b-4953-9e10-2c0aa384a54b.json: JSON data is valid.
2026-04-20 13:23:45,012 | INFO | 521ad5b6-acde-43bb-97f1-0c6c641f1823.json: JSON data is valid.
2026-04-20 13:23:45,014 | INFO | 24243011-78a8-437c-9fa2-0eb271e841a8.json: JSON data is valid.
2026-04-20 13:23:45,015 | INFO | 57402953-5132-4794-aa59-00edcaadc647.json: JSON data is valid.
2026-04-20 13:23:45,016 | INFO | 5f9abf2c-85f8-4c88-9f53-c55c3be26a31.json: JSON data is valid.
2026-04-20 13:23:45,018 | INFO | 0bb717ec-f505-44b9-9242-0e96699fbfc6.json: JSON data is valid.
2026-04-20 13:23:45,020 | INFO | 68efb3c6-9618-4eb3-b09a-26fff4896309.json: JSON data is valid.
2026-04-20 13:23:45,021 | INFO | 6059395c-ca2e-4140-9e5e-73596df4fb01.json: JSON data is valid.
2026-04-20 13:23:45,023 | INFO | f2251b03-6e64-4454-b6c6-ce6dd3857e1d.json: JSON data is valid.
2026-04-20 13:23:45,024 | INFO | c6527f22-1b7b-4d20-b094-d3076d65abf5.json: JSON data is valid.
2026-04-20 13:23:45,025 | INFO | 791b3172-47eb-4eeb-b740-e48d5cddc733.json: JSON data is valid.
2026-04-20 13:23:45,026 | INFO | cc08a192-f78e-473e-bcb8-e6b2a602f267.json: JSON data is valid.
2026-04-20 13:23:45,028 | INFO | 7c6de36c-18ed-4f29-9847-c227d160e28c.json: JSON data is valid.
2026-04-20 13:23:45,029 | INFO | 51148361-4be0-43c4-be94-d572d210f1af.json: JSON data is valid.
2026-04-20 13:23:45,031 | INFO | 31f8ec5a-6cc7-4607-98ec-26b847444c8e.json: JSON data is valid.
2026-04-20 13:23:45,032 | INFO | 2d47e645-fb94-4875-9f9b-d360929cd13c.json: JSON data is valid.
2026-04-20 13:23:45,033 | INFO | d3fd7240-d03d-4eac-8cbf-ae5fe2cfd7c0.json: JSON data is valid.
2026-04-20 13:23:45,037 | WARNING | Cluster.__init__ called with contact_points specified, but no load_balancing_policy. In the next major version, this will raise an error; please specify a load-balancing policy. (contact_points = ['localhost'], lbp = None)
2026-04-20 13:23:45,047 | WARNING | Downgrading core protocol version from 66 to 65 for 127.0.0.1:9042. To avoid this, it is best practice to explicitly set Cluster(protocol_version) to the version supported by your cluster. https://docs.datastax.com/en/developer/python-driver/latest/api/cassandra/cluster.html#cassandra.cluster.Cluster.protocol_version
2026-04-20 13:23:45,051 | WARNING | Downgrading core protocol version from 65 to 5 for 127.0.0.1:9042. To avoid this, it is best practice to explicitly set Cluster(protocol_version) to the version supported by your cluster. https://docs.datastax.com/en/developer/python-driver/latest/api/cassandra/cluster.html#cassandra.cluster.Cluster.protocol_version
2026-04-20 13:23:45,071 | INFO | Using datacenter 'datacenter1' for DCAwareRoundRobinPolicy (via host '127.0.0.1:9042'); if incorrect, please specify a local_dc to the constructor, or limit contact points to local cluster nodes
2026-04-20 13:23:45,071 | INFO | Cassandra host ::1:9042 removed
